2026-05-03 08:54:45 [INFO] riker.config: Config loaded: condition=Psoriasis, 3 discovery + 1 replication datasets.
2026-05-03 08:54:45 [INFO] riker: ============================================================
2026-05-03 08:54:45 [INFO] riker: PHASE 1: Cross-Referencing
2026-05-03 08:54:45 [INFO] riker: ============================================================
2026-05-03 08:54:46 [INFO] riker.ingestion.gene_db: Loading HGNC data from /home/kai001/riker-engine/data/hgnc/hgnc_complete_set.txt...
2026-05-03 08:54:53 [INFO] riker.ingestion.gene_db: HGNC resolver loaded: 44981 approved symbols, 57613 aliases/previous symbols mapped.
2026-05-03 08:54:54 [INFO] riker.ingestion.gene_db: Loaded 96 seed genes from /home/kai001/riker-engine/data/seeds/psoriasis_seeds.csv. 1 symbols remapped via HGNC.
2026-05-03 08:54:54 [INFO] riker.ingestion.gene_db:   Remapped: S100A15 -> S100A7A
2026-05-03 08:54:54 [INFO] riker: Loaded 96 seed genes.
2026-05-03 08:54:54 [INFO] riker: Loading dataset: GSE13355
2026-05-03 08:55:21 [INFO] riker.ingestion.geo_parser: Probe-to-gene mapping: 45118 mapped, 9557 unmapped, 21717 unique genes.
2026-05-03 08:55:22 [INFO] riker: Loading dataset: GSE30999
2026-05-03 08:55:49 [INFO] riker.ingestion.geo_parser: Probe-to-gene mapping: 45118 mapped, 9557 unmapped, 21717 unique genes.
2026-05-03 08:55:49 [INFO] riker: Loading dataset: GSE41662
2026-05-03 08:56:00 [INFO] riker.ingestion.geo_parser: Probe-to-gene mapping: 45118 mapped, 9557 unmapped, 21717 unique genes.
2026-05-03 08:56:00 [WARNING] riker.ingestion.normalizer: Clamping 68181 negative values to 0 (background subtraction artifacts in raw intensity data).
2026-05-03 08:56:00 [INFO] riker.ingestion.normalizer: Applied log2(x+1) transformation (after clamping). Median: 344.31 -> 8.43
2026-05-03 08:56:00 [INFO] riker.phases.phase1_crossref: Dataset GSE13355: 89/96 seed genes detected (92.7%).
2026-05-03 08:56:00 [INFO] riker.phases.phase1_crossref: Dataset GSE30999: 89/96 seed genes detected (92.7%).
2026-05-03 08:56:00 [INFO] riker.phases.phase1_crossref: Dataset GSE41662: 89/96 seed genes detected (92.7%).
2026-05-03 08:56:00 [WARNING] riker.phases.phase1_crossref: Gene HLA-C, dataset GSE41662: insufficient samples (cases=48, controls=0). Need at least 2 per group. Skipping.
2026-05-03 08:56:00 [WARNING] riker.phases.phase1_crossref: Gene IL23R, dataset GSE41662: insufficient samples (cases=48, controls=0). Need at least 2 per group. Skipping.
2026-05-03 08:56:00 [WARNING] riker.phases.phase1_crossref: Gene IL12B, dataset GSE41662: insufficient samples (cases=48, controls=0). Need at least 2 per group. Skipping.
2026-05-03 08:56:00 [WARNING] riker.phases.phase1_crossref: Gene IL23A, dataset GSE41662: insufficient samples (cases=48, controls=0). Need at least 2 per group. Skipping.
2026-05-03 08:56:00 [WARNING] riker.phases.phase1_crossref: Gene TRAF3IP2, dataset GSE41662: insufficient samples (cases=48, controls=0). Need at least 2 per group. Skipping.
2026-05-03 08:56:00 [WARNING] riker.phases.phase1_crossref: Gene TNFAIP3, dataset GSE41662: insufficient samples (cases=48, controls=0). Need at least 2 per group. Skipping.
2026-05-03 08:56:00 [WARNING] riker.phases.phase1_crossref: Gene TNIP1, dataset GSE41662: insufficient samples (cases=48, controls=0). Need at least 2 per group. Skipping.
2026-05-03 08:56:00 [WARNING] riker.phases.phase1_crossref: Gene CARD14, dataset GSE41662: insufficient samples (cases=48, controls=0). Need at least 2 per group. Skipping.
2026-05-03 08:56:00 [WARNING] riker.phases.phase1_crossref: Gene TYK2, dataset GSE41662: insufficient samples (cases=48, controls=0). Need at least 2 per group. Skipping.
2026-05-03 08:56:00 [WARNING] riker.phases.phase1_crossref: Gene STAT3, dataset GSE41662: insufficient samples (cases=48, controls=0). Need at least 2 per group. Skipping.
2026-05-03 08:56:00 [WARNING] riker.phases.phase1_crossref: Gene IFIH1, dataset GSE41662: insufficient samples (cases=48, controls=0). Need at least 2 per group. Skipping.
2026-05-03 08:56:00 [WARNING] riker.phases.phase1_crossref: Gene ERAP1, dataset GSE41662: insufficient samples (cases=48, controls=0). Need at least 2 per group. Skipping.
2026-05-03 08:56:00 [WARNING] riker.phases.phase1_crossref: Gene RNF114, dataset GSE41662: insufficient samples (cases=48, controls=0). Need at least 2 per group. Skipping.
2026-05-03 08:56:00 [WARNING] riker.phases.phase1_crossref: Gene NFKBIA, dataset GSE41662: insufficient samples (cases=48, controls=0). Need at least 2 per group. Skipping.
2026-05-03 08:56:00 [WARNING] riker.phases.phase1_crossref: Gene IL36RN, dataset GSE41662: insufficient samples (cases=48, controls=0). Need at least 2 per group. Skipping.
2026-05-03 08:56:00 [WARNING] riker.phases.phase1_crossref: Gene NOS2, dataset GSE41662: insufficient samples (cases=48, controls=0). Need at least 2 per group. Skipping.
2026-05-03 08:56:00 [WARNING] riker.phases.phase1_crossref: Gene FBXL19, dataset GSE41662: insufficient samples (cases=48, controls=0). Need at least 2 per group. Skipping.
2026-05-03 08:56:00 [WARNING] riker.phases.phase1_crossref: Gene REL, dataset GSE41662: insufficient samples (cases=48, controls=0). Need at least 2 per group. Skipping.
2026-05-03 08:56:00 [WARNING] riker.phases.phase1_crossref: Gene IL17A, dataset GSE41662: insufficient samples (cases=48, controls=0). Need at least 2 per group. Skipping.
2026-05-03 08:56:00 [WARNING] riker.phases.phase1_crossref: Gene IL17F, dataset GSE41662: insufficient samples (cases=48, controls=0). Need at least 2 per group. Skipping.
2026-05-03 08:56:00 [WARNING] riker.phases.phase1_crossref: Gene S100A7, dataset GSE41662: insufficient samples (cases=48, controls=0). Need at least 2 per group. Skipping.
2026-05-03 08:56:00 [WARNING] riker.phases.phase1_crossref: Gene S100A8, dataset GSE41662: insufficient samples (cases=48, controls=0). Need at least 2 per group. Skipping.
2026-05-03 08:56:00 [WARNING] riker.phases.phase1_crossref: Gene S100A9, dataset GSE41662: insufficient samples (cases=48, controls=0). Need at least 2 per group. Skipping.
2026-05-03 08:56:00 [WARNING] riker.phases.phase1_crossref: Gene KYNU, dataset GSE41662: insufficient samples (cases=48, controls=0). Need at least 2 per group. Skipping.
2026-05-03 08:56:00 [WARNING] riker.phases.phase1_crossref: Gene CCL20, dataset GSE41662: insufficient samples (cases=48, controls=0). Need at least 2 per group. Skipping.
2026-05-03 08:56:00 [WARNING] riker.phases.phase1_crossref: Gene PI3, dataset GSE41662: insufficient samples (cases=48, controls=0). Need at least 2 per group. Skipping.
2026-05-03 08:56:00 [WARNING] riker.phases.phase1_crossref: Gene SPRR1B, dataset GSE41662: insufficient samples (cases=48, controls=0). Need at least 2 per group. Skipping.
2026-05-03 08:56:00 [WARNING] riker.phases.phase1_crossref: Gene IVL, dataset GSE41662: insufficient samples (cases=48, controls=0). Need at least 2 per group. Skipping.
2026-05-03 08:56:00 [WARNING] riker.phases.phase1_crossref: Gene KRT1, dataset GSE41662: insufficient samples (cases=48, controls=0). Need at least 2 per group. Skipping.
2026-05-03 08:56:00 [WARNING] riker.phases.phase1_crossref: Gene KRT10, dataset GSE41662: insufficient samples (cases=48, controls=0). Need at least 2 per group. Skipping.
2026-05-03 08:56:00 [WARNING] riker.phases.phase1_crossref: Gene KRT16, dataset GSE41662: insufficient samples (cases=48, controls=0). Need at least 2 per group. Skipping.
2026-05-03 08:56:00 [WARNING] riker.phases.phase1_crossref: Gene KRT17, dataset GSE41662: insufficient samples (cases=48, controls=0). Need at least 2 per group. Skipping.
2026-05-03 08:56:00 [WARNING] riker.phases.phase1_crossref: Gene KRT6A, dataset GSE41662: insufficient samples (cases=48, controls=0). Need at least 2 per group. Skipping.
2026-05-03 08:56:00 [WARNING] riker.phases.phase1_crossref: Gene IL1B, dataset GSE41662: insufficient samples (cases=48, controls=0). Need at least 2 per group. Skipping.
2026-05-03 08:56:00 [WARNING] riker.phases.phase1_crossref: Gene TNF, dataset GSE41662: insufficient samples (cases=48, controls=0). Need at least 2 per group. Skipping.
2026-05-03 08:56:00 [WARNING] riker.phases.phase1_crossref: Gene IFNG, dataset GSE41662: insufficient samples (cases=48, controls=0). Need at least 2 per group. Skipping.
2026-05-03 08:56:00 [WARNING] riker.phases.phase1_crossref: Gene CXCL1, dataset GSE41662: insufficient samples (cases=48, controls=0). Need at least 2 per group. Skipping.
2026-05-03 08:56:00 [WARNING] riker.phases.phase1_crossref: Gene CXCL2, dataset GSE41662: insufficient samples (cases=48, controls=0). Need at least 2 per group. Skipping.
2026-05-03 08:56:00 [WARNING] riker.phases.phase1_crossref: Gene CXCL8, dataset GSE41662: insufficient samples (cases=48, controls=0). Need at least 2 per group. Skipping.
2026-05-03 08:56:00 [WARNING] riker.phases.phase1_crossref: Gene IL36A, dataset GSE41662: insufficient samples (cases=48, controls=0). Need at least 2 per group. Skipping.
2026-05-03 08:56:00 [WARNING] riker.phases.phase1_crossref: Gene IL36B, dataset GSE41662: insufficient samples (cases=48, controls=0). Need at least 2 per group. Skipping.
2026-05-03 08:56:00 [WARNING] riker.phases.phase1_crossref: Gene IL36G, dataset GSE41662: insufficient samples (cases=48, controls=0). Need at least 2 per group. Skipping.
2026-05-03 08:56:00 [WARNING] riker.phases.phase1_crossref: Gene LCE3D, dataset GSE41662: insufficient samples (cases=48, controls=0). Need at least 2 per group. Skipping.
2026-05-03 08:56:00 [WARNING] riker.phases.phase1_crossref: Gene FABP5, dataset GSE41662: insufficient samples (cases=48, controls=0). Need at least 2 per group. Skipping.
2026-05-03 08:56:00 [WARNING] riker.phases.phase1_crossref: Gene TGM1, dataset GSE41662: insufficient samples (cases=48, controls=0). Need at least 2 per group. Skipping.
2026-05-03 08:56:00 [WARNING] riker.phases.phase1_crossref: Gene TGM3, dataset GSE41662: insufficient samples (cases=48, controls=0). Need at least 2 per group. Skipping.
2026-05-03 08:56:00 [WARNING] riker.phases.phase1_crossref: Gene KLK7, dataset GSE41662: insufficient samples (cases=48, controls=0). Need at least 2 per group. Skipping.
2026-05-03 08:56:00 [WARNING] riker.phases.phase1_crossref: Gene KLK5, dataset GSE41662: insufficient samples (cases=48, controls=0). Need at least 2 per group. Skipping.
2026-05-03 08:56:00 [WARNING] riker.phases.phase1_crossref: Gene SERPINB3, dataset GSE41662: insufficient samples (cases=48, controls=0). Need at least 2 per group. Skipping.
2026-05-03 08:56:00 [WARNING] riker.phases.phase1_crossref: Gene SERPINB4, dataset GSE41662: insufficient samples (cases=48, controls=0). Need at least 2 per group. Skipping.
2026-05-03 08:56:00 [WARNING] riker.phases.phase1_crossref: Gene CST6, dataset GSE41662: insufficient samples (cases=48, controls=0). Need at least 2 per group. Skipping.
2026-05-03 08:56:00 [WARNING] riker.phases.phase1_crossref: Gene CST3, dataset GSE41662: insufficient samples (cases=48, controls=0). Need at least 2 per group. Skipping.
2026-05-03 08:56:00 [WARNING] riker.phases.phase1_crossref: Gene SLPI, dataset GSE41662: insufficient samples (cases=48, controls=0). Need at least 2 per group. Skipping.
2026-05-03 08:56:00 [WARNING] riker.phases.phase1_crossref: Gene BCL2L1, dataset GSE41662: insufficient samples (cases=48, controls=0). Need at least 2 per group. Skipping.
2026-05-03 08:56:00 [WARNING] riker.phases.phase1_crossref: Gene BCL2, dataset GSE41662: insufficient samples (cases=48, controls=0). Need at least 2 per group. Skipping.
2026-05-03 08:56:00 [WARNING] riker.phases.phase1_crossref: Gene CASP1, dataset GSE41662: insufficient samples (cases=48, controls=0). Need at least 2 per group. Skipping.
2026-05-03 08:56:00 [WARNING] riker.phases.phase1_crossref: Gene CASP3, dataset GSE41662: insufficient samples (cases=48, controls=0). Need at least 2 per group. Skipping.
2026-05-03 08:56:00 [WARNING] riker.phases.phase1_crossref: Gene CASP4, dataset GSE41662: insufficient samples (cases=48, controls=0). Need at least 2 per group. Skipping.
2026-05-03 08:56:00 [WARNING] riker.phases.phase1_crossref: Gene CASP5, dataset GSE41662: insufficient samples (cases=48, controls=0). Need at least 2 per group. Skipping.
2026-05-03 08:56:00 [WARNING] riker.phases.phase1_crossref: Gene CASP8, dataset GSE41662: insufficient samples (cases=48, controls=0). Need at least 2 per group. Skipping.
2026-05-03 08:56:00 [WARNING] riker.phases.phase1_crossref: Gene CASP14, dataset GSE41662: insufficient samples (cases=48, controls=0). Need at least 2 per group. Skipping.
2026-05-03 08:56:00 [WARNING] riker.phases.phase1_crossref: Gene GATA3, dataset GSE41662: insufficient samples (cases=48, controls=0). Need at least 2 per group. Skipping.
2026-05-03 08:56:00 [WARNING] riker.phases.phase1_crossref: Gene TBX21, dataset GSE41662: insufficient samples (cases=48, controls=0). Need at least 2 per group. Skipping.
2026-05-03 08:56:00 [WARNING] riker.phases.phase1_crossref: Gene FOXP3, dataset GSE41662: insufficient samples (cases=48, controls=0). Need at least 2 per group. Skipping.
2026-05-03 08:56:00 [WARNING] riker.phases.phase1_crossref: Gene IL10, dataset GSE41662: insufficient samples (cases=48, controls=0). Need at least 2 per group. Skipping.
2026-05-03 08:56:00 [WARNING] riker.phases.phase1_crossref: Gene IL22, dataset GSE41662: insufficient samples (cases=48, controls=0). Need at least 2 per group. Skipping.
2026-05-03 08:56:00 [WARNING] riker.phases.phase1_crossref: Gene IL19, dataset GSE41662: insufficient samples (cases=48, controls=0). Need at least 2 per group. Skipping.
2026-05-03 08:56:00 [WARNING] riker.phases.phase1_crossref: Gene IL20, dataset GSE41662: insufficient samples (cases=48, controls=0). Need at least 2 per group. Skipping.
2026-05-03 08:56:00 [WARNING] riker.phases.phase1_crossref: Gene IL24, dataset GSE41662: insufficient samples (cases=48, controls=0). Need at least 2 per group. Skipping.
2026-05-03 08:56:00 [WARNING] riker.phases.phase1_crossref: Gene S100A12, dataset GSE41662: insufficient samples (cases=48, controls=0). Need at least 2 per group. Skipping.
2026-05-03 08:56:00 [WARNING] riker.phases.phase1_crossref: Gene S100A7A, dataset GSE41662: insufficient samples (cases=48, controls=0). Need at least 2 per group. Skipping.
2026-05-03 08:56:00 [WARNING] riker.phases.phase1_crossref: Gene S100A2, dataset GSE41662: insufficient samples (cases=48, controls=0). Need at least 2 per group. Skipping.
2026-05-03 08:56:00 [WARNING] riker.phases.phase1_crossref: Gene S100A3, dataset GSE41662: insufficient samples (cases=48, controls=0). Need at least 2 per group. Skipping.
2026-05-03 08:56:00 [WARNING] riker.phases.phase1_crossref: Gene S100A1, dataset GSE41662: insufficient samples (cases=48, controls=0). Need at least 2 per group. Skipping.
2026-05-03 08:56:00 [WARNING] riker.phases.phase1_crossref: Gene S100A4, dataset GSE41662: insufficient samples (cases=48, controls=0). Need at least 2 per group. Skipping.
2026-05-03 08:56:00 [WARNING] riker.phases.phase1_crossref: Gene S100A5, dataset GSE41662: insufficient samples (cases=48, controls=0). Need at least 2 per group. Skipping.
2026-05-03 08:56:00 [WARNING] riker.phases.phase1_crossref: Gene S100A6, dataset GSE41662: insufficient samples (cases=48, controls=0). Need at least 2 per group. Skipping.
2026-05-03 08:56:00 [WARNING] riker.phases.phase1_crossref: Gene ARG1, dataset GSE41662: insufficient samples (cases=48, controls=0). Need at least 2 per group. Skipping.
2026-05-03 08:56:00 [WARNING] riker.phases.phase1_crossref: Gene ARG2, dataset GSE41662: insufficient samples (cases=48, controls=0). Need at least 2 per group. Skipping.
2026-05-03 08:56:00 [WARNING] riker.phases.phase1_crossref: Gene CAMP, dataset GSE41662: insufficient samples (cases=48, controls=0). Need at least 2 per group. Skipping.
2026-05-03 08:56:00 [WARNING] riker.phases.phase1_crossref: Gene LTF, dataset GSE41662: insufficient samples (cases=48, controls=0). Need at least 2 per group. Skipping.
2026-05-03 08:56:00 [WARNING] riker.phases.phase1_crossref: Gene MPO, dataset GSE41662: insufficient samples (cases=48, controls=0). Need at least 2 per group. Skipping.
2026-05-03 08:56:00 [WARNING] riker.phases.phase1_crossref: Gene ELANE, dataset GSE41662: insufficient samples (cases=48, controls=0). Need at least 2 per group. Skipping.
2026-05-03 08:56:00 [WARNING] riker.phases.phase1_crossref: Gene PRTN3, dataset GSE41662: insufficient samples (cases=48, controls=0). Need at least 2 per group. Skipping.
2026-05-03 08:56:00 [WARNING] riker.phases.phase1_crossref: Gene CTSG, dataset GSE41662: insufficient samples (cases=48, controls=0). Need at least 2 per group. Skipping.
2026-05-03 08:56:00 [WARNING] riker.phases.phase1_crossref: Gene AZU1, dataset GSE41662: insufficient samples (cases=48, controls=0). Need at least 2 per group. Skipping.
2026-05-03 08:56:00 [WARNING] riker.phases.phase1_crossref: Gene RNASE7, dataset GSE41662: insufficient samples (cases=48, controls=0). Need at least 2 per group. Skipping.
2026-05-03 08:56:00 [WARNING] riker.phases.phase1_crossref: Gene DEFB1, dataset GSE41662: insufficient samples (cases=48, controls=0). Need at least 2 per group. Skipping.
2026-05-03 08:56:00 [WARNING] riker.phases.phase1_crossref: Gene DEFB4B, dataset GSE41662: insufficient samples (cases=48, controls=0). Need at least 2 per group. Skipping.
2026-05-03 08:56:00 [INFO] riker.phases.phase1_crossref: Phase 1 complete: 60 study genes from 96 seed genes (p < 0.05 in >= 2 datasets).
2026-05-03 08:56:00 [INFO] riker.io.outputs: Phase 1 summary: /home/kai001/riker-engine/disease_days/2026-05-03_psoriasis_v0332/curated/phase1_study_genes.csv
2026-05-03 08:56:00 [INFO] riker: ============================================================
2026-05-03 08:56:00 [INFO] riker: PHASE 2: Pathway Mapping
2026-05-03 08:56:00 [INFO] riker: ============================================================
2026-05-03 08:56:00 [WARNING] riker: No pathway data configured. Using expression features only.
2026-05-03 08:56:00 [INFO] riker.phases.phase2_pathways: Pathway filter: 0 -> 0 pathways (min_study=3, max_total=500, min_frac=0.02).
2026-05-03 08:56:00 [INFO] riker.phases.phase2_pathways: Phase 2 complete: 60 genes × 5 features (0 pathway + 5 expression features).
2026-05-03 08:56:00 [INFO] riker.io.outputs: Phase 2 feature matrix: /home/kai001/riker-engine/disease_days/2026-05-03_psoriasis_v0332/curated/phase2_feature_matrix.csv (60 genes x 5 features)
2026-05-03 08:56:00 [INFO] riker: ============================================================
2026-05-03 08:56:00 [INFO] riker: PHASE 3: Consensus Clustering
2026-05-03 08:56:00 [INFO] riker: ============================================================
2026-05-03 08:56:15 [INFO] riker.phases.phase3_clustering: Running 15 UMAP+HDBSCAN configurations (3 n_neighbors × 5 seeds)...
/home/kai001/.local/lib/python3.13/site-packages/umap/umap_.py:1952: UserWarning: n_jobs value 1 overridden to 1 by setting random_state. Use no seed for parallelism.
  warn(
/home/kai001/.local/lib/python3.13/site-packages/sklearn/cluster/_hdbscan/hdbscan.py:722: FutureWarning: The default value of `copy` will change from False to True in 1.10. Explicitly set a value for `copy` to silence this warning.
  warn(
/home/kai001/.local/lib/python3.13/site-packages/umap/umap_.py:1952: UserWarning: n_jobs value 1 overridden to 1 by setting random_state. Use no seed for parallelism.
  warn(
/home/kai001/.local/lib/python3.13/site-packages/sklearn/cluster/_hdbscan/hdbscan.py:722: FutureWarning: The default value of `copy` will change from False to True in 1.10. Explicitly set a value for `copy` to silence this warning.
  warn(
/home/kai001/.local/lib/python3.13/site-packages/umap/umap_.py:1952: UserWarning: n_jobs value 1 overridden to 1 by setting random_state. Use no seed for parallelism.
  warn(
/home/kai001/.local/lib/python3.13/site-packages/sklearn/cluster/_hdbscan/hdbscan.py:722: FutureWarning: The default value of `copy` will change from False to True in 1.10. Explicitly set a value for `copy` to silence this warning.
  warn(
/home/kai001/.local/lib/python3.13/site-packages/umap/umap_.py:1952: UserWarning: n_jobs value 1 overridden to 1 by setting random_state. Use no seed for parallelism.
  warn(
/home/kai001/.local/lib/python3.13/site-packages/sklearn/cluster/_hdbscan/hdbscan.py:722: FutureWarning: The default value of `copy` will change from False to True in 1.10. Explicitly set a value for `copy` to silence this warning.
  warn(
/home/kai001/.local/lib/python3.13/site-packages/umap/umap_.py:1952: UserWarning: n_jobs value 1 overridden to 1 by setting random_state. Use no seed for parallelism.
  warn(
/home/kai001/.local/lib/python3.13/site-packages/sklearn/cluster/_hdbscan/hdbscan.py:722: FutureWarning: The default value of `copy` will change from False to True in 1.10. Explicitly set a value for `copy` to silence this warning.
  warn(
/home/kai001/.local/lib/python3.13/site-packages/umap/umap_.py:1952: UserWarning: n_jobs value 1 overridden to 1 by setting random_state. Use no seed for parallelism.
  warn(
/home/kai001/.local/lib/python3.13/site-packages/sklearn/cluster/_hdbscan/hdbscan.py:722: FutureWarning: The default value of `copy` will change from False to True in 1.10. Explicitly set a value for `copy` to silence this warning.
  warn(
/home/kai001/.local/lib/python3.13/site-packages/umap/umap_.py:1952: UserWarning: n_jobs value 1 overridden to 1 by setting random_state. Use no seed for parallelism.
  warn(
/home/kai001/.local/lib/python3.13/site-packages/sklearn/cluster/_hdbscan/hdbscan.py:722: FutureWarning: The default value of `copy` will change from False to True in 1.10. Explicitly set a value for `copy` to silence this warning.
  warn(
/home/kai001/.local/lib/python3.13/site-packages/umap/umap_.py:1952: UserWarning: n_jobs value 1 overridden to 1 by setting random_state. Use no seed for parallelism.
  warn(
/home/kai001/.local/lib/python3.13/site-packages/sklearn/cluster/_hdbscan/hdbscan.py:722: FutureWarning: The default value of `copy` will change from False to True in 1.10. Explicitly set a value for `copy` to silence this warning.
  warn(
/home/kai001/.local/lib/python3.13/site-packages/umap/umap_.py:1952: UserWarning: n_jobs value 1 overridden to 1 by setting random_state. Use no seed for parallelism.
  warn(
/home/kai001/.local/lib/python3.13/site-packages/sklearn/cluster/_hdbscan/hdbscan.py:722: FutureWarning: The default value of `copy` will change from False to True in 1.10. Explicitly set a value for `copy` to silence this warning.
  warn(
/home/kai001/.local/lib/python3.13/site-packages/umap/umap_.py:1952: UserWarning: n_jobs value 1 overridden to 1 by setting random_state. Use no seed for parallelism.
  warn(
/home/kai001/.local/lib/python3.13/site-packages/sklearn/cluster/_hdbscan/hdbscan.py:722: FutureWarning: The default value of `copy` will change from False to True in 1.10. Explicitly set a value for `copy` to silence this warning.
  warn(
/home/kai001/.local/lib/python3.13/site-packages/umap/umap_.py:1952: UserWarning: n_jobs value 1 overridden to 1 by setting random_state. Use no seed for parallelism.
  warn(
/home/kai001/.local/lib/python3.13/site-packages/sklearn/cluster/_hdbscan/hdbscan.py:722: FutureWarning: The default value of `copy` will change from False to True in 1.10. Explicitly set a value for `copy` to silence this warning.
  warn(
/home/kai001/.local/lib/python3.13/site-packages/umap/umap_.py:1952: UserWarning: n_jobs value 1 overridden to 1 by setting random_state. Use no seed for parallelism.
  warn(
/home/kai001/.local/lib/python3.13/site-packages/sklearn/cluster/_hdbscan/hdbscan.py:722: FutureWarning: The default value of `copy` will change from False to True in 1.10. Explicitly set a value for `copy` to silence this warning.
  warn(
/home/kai001/.local/lib/python3.13/site-packages/umap/umap_.py:1952: UserWarning: n_jobs value 1 overridden to 1 by setting random_state. Use no seed for parallelism.
  warn(
/home/kai001/.local/lib/python3.13/site-packages/sklearn/cluster/_hdbscan/hdbscan.py:722: FutureWarning: The default value of `copy` will change from False to True in 1.10. Explicitly set a value for `copy` to silence this warning.
  warn(
/home/kai001/.local/lib/python3.13/site-packages/umap/umap_.py:1952: UserWarning: n_jobs value 1 overridden to 1 by setting random_state. Use no seed for parallelism.
  warn(
/home/kai001/.local/lib/python3.13/site-packages/sklearn/cluster/_hdbscan/hdbscan.py:722: FutureWarning: The default value of `copy` will change from False to True in 1.10. Explicitly set a value for `copy` to silence this warning.
  warn(
/home/kai001/.local/lib/python3.13/site-packages/umap/umap_.py:1952: UserWarning: n_jobs value 1 overridden to 1 by setting random_state. Use no seed for parallelism.
  warn(
/home/kai001/.local/lib/python3.13/site-packages/sklearn/cluster/_hdbscan/hdbscan.py:722: FutureWarning: The default value of `copy` will change from False to True in 1.10. Explicitly set a value for `copy` to silence this warning.
  warn(
/home/kai001/.local/lib/python3.13/site-packages/sklearn/cluster/_hdbscan/hdbscan.py:722: FutureWarning: The default value of `copy` will change from False to True in 1.10. Explicitly set a value for `copy` to silence this warning.
  warn(
2026-05-03 08:56:31 [INFO] riker.phases.phase3_clustering: Phase 3 complete: 9 clusters, 0 noise genes from 15 configurations.
2026-05-03 08:56:31 [INFO] riker.io.outputs: Phase 3 cluster assignments: /home/kai001/riker-engine/disease_days/2026-05-03_psoriasis_v0332/curated/phase3_cluster_assignments.csv (9 clusters, 0 noise)
2026-05-03 08:56:31 [INFO] riker: ============================================================
2026-05-03 08:56:31 [INFO] riker: PHASE 4: Robustness Testing
2026-05-03 08:56:31 [INFO] riker: ============================================================
2026-05-03 08:56:32 [INFO] riker.phases.phase4_robustness: Cluster 0: permutation p=0.9317, Bonferroni p=1.0000 (not significant)
2026-05-03 08:56:32 [INFO] riker.phases.phase4_robustness: Cluster 1: permutation p=0.9974, Bonferroni p=1.0000 (not significant)
2026-05-03 08:56:32 [INFO] riker.phases.phase4_robustness: Cluster 2: permutation p=1.0000, Bonferroni p=1.0000 (not significant)
2026-05-03 08:56:33 [INFO] riker.phases.phase4_robustness: Cluster 3: permutation p=0.7721, Bonferroni p=1.0000 (not significant)
2026-05-03 08:56:33 [INFO] riker.phases.phase4_robustness: Cluster 4: permutation p=0.5303, Bonferroni p=1.0000 (not significant)
2026-05-03 08:56:34 [INFO] riker.phases.phase4_robustness: Cluster 5: permutation p=0.9809, Bonferroni p=1.0000 (not significant)
2026-05-03 08:56:34 [INFO] riker.phases.phase4_robustness: Cluster 6: permutation p=0.9991, Bonferroni p=1.0000 (not significant)
2026-05-03 08:56:35 [INFO] riker.phases.phase4_robustness: Cluster 7: permutation p=0.0053, Bonferroni p=0.0477 (SIGNIFICANT)
2026-05-03 08:56:35 [INFO] riker.phases.phase4_robustness: Cluster 8: permutation p=0.0001, Bonferroni p=0.0009 (SIGNIFICANT)
2026-05-03 08:56:35 [INFO] riker.phases.phase4_robustness: Cluster 0 sensitivity: L1=5, L2=5, L3=5, L4=5 | dissolution=None | core=5
2026-05-03 08:56:35 [INFO] riker.phases.phase4_robustness: Cluster 1 sensitivity: L1=6, L2=3, L3=6, L4=6 | dissolution=None | core=3
2026-05-03 08:56:35 [INFO] riker.phases.phase4_robustness: Cluster 2 sensitivity: L1=5, L2=1, L3=5, L4=5 | dissolution=2 | core=1
2026-05-03 08:56:35 [INFO] riker.phases.phase4_robustness: Cluster 3 sensitivity: L1=5, L2=5, L3=5, L4=5 | dissolution=None | core=5
2026-05-03 08:56:35 [INFO] riker.phases.phase4_robustness: Cluster 4 sensitivity: L1=6, L2=6, L3=6, L4=6 | dissolution=None | core=6
2026-05-03 08:56:35 [INFO] riker.phases.phase4_robustness: Cluster 5 sensitivity: L1=9, L2=9, L3=9, L4=9 | dissolution=None | core=9
2026-05-03 08:56:35 [INFO] riker.phases.phase4_robustness: Cluster 6 sensitivity: L1=5, L2=3, L3=5, L4=5 | dissolution=None | core=3
2026-05-03 08:56:35 [INFO] riker.phases.phase4_robustness: Cluster 7 sensitivity: L1=10, L2=10, L3=10, L4=10 | dissolution=None | core=10
2026-05-03 08:56:35 [INFO] riker.phases.phase4_robustness: Cluster 8 sensitivity: L1=9, L2=9, L3=9, L4=9 | dissolution=None | core=9
2026-05-03 08:56:35 [INFO] riker.phases.phase4_robustness: Cluster 0 LOO: min_retention=0.00 (FRAGILE)
2026-05-03 08:56:35 [INFO] riker.phases.phase4_robustness: Cluster 1 LOO: min_retention=0.00 (FRAGILE)
2026-05-03 08:56:35 [INFO] riker.phases.phase4_robustness: Cluster 2 LOO: min_retention=0.00 (FRAGILE)
2026-05-03 08:56:35 [INFO] riker.phases.phase4_robustness: Cluster 3 LOO: min_retention=0.00 (FRAGILE)
2026-05-03 08:56:35 [INFO] riker.phases.phase4_robustness: Cluster 4 LOO: min_retention=0.00 (FRAGILE)
2026-05-03 08:56:35 [INFO] riker.phases.phase4_robustness: Cluster 5 LOO: min_retention=0.00 (FRAGILE)
2026-05-03 08:56:35 [INFO] riker.phases.phase4_robustness: Cluster 6 LOO: min_retention=0.00 (FRAGILE)
2026-05-03 08:56:35 [INFO] riker.phases.phase4_robustness: Cluster 7 LOO: min_retention=0.00 (FRAGILE)
2026-05-03 08:56:35 [INFO] riker.phases.phase4_robustness: Cluster 8 LOO: min_retention=0.00 (FRAGILE)
2026-05-03 08:56:35 [INFO] riker.phases.phase4_robustness: Cluster 2: 1 Level 2 survivors < 3 minimum. No core genes.
2026-05-03 08:56:35 [INFO] riker.phases.phase4_robustness: Identified 50 core genes across all clusters.
2026-05-03 08:56:35 [INFO] riker.phases.phase4_robustness: Phase 4 complete: 2 significant clusters, 0 LOO-stable clusters, 50 core genes.
2026-05-03 08:56:35 [INFO] riker.io.outputs: Phase 4 core genes: /home/kai001/riker-engine/disease_days/2026-05-03_psoriasis_v0332/curated/phase4_core_genes.csv
2026-05-03 08:56:35 [INFO] riker.io.outputs: Phase 4 all levels: /home/kai001/riker-engine/disease_days/2026-05-03_psoriasis_v0332/curated/phase4_all_levels.csv (60 genes)
2026-05-03 08:56:35 [INFO] riker: ============================================================
2026-05-03 08:56:35 [INFO] riker: PHASE 5: Independent Replication
2026-05-03 08:56:35 [INFO] riker: ============================================================
2026-05-03 08:56:35 [INFO] riker: Loading replication dataset: GSE50790
2026-05-03 08:56:40 [INFO] riker.ingestion.geo_parser: Probe-to-gene mapping: 45118 mapped, 9557 unmapped, 21717 unique genes.
2026-05-03 08:56:40 [INFO] riker.phases.phase5_replication: Phase 5: Testing 50 pre-specified core genes in 1 replication datasets.
2026-05-03 08:56:40 [INFO] riker.phases.phase5_replication: Gene BCL2: survived — Same-tissue replication: 1/1 concordant. Cross-tissue: 0/0 concordant.
2026-05-03 08:56:40 [INFO] riker.phases.phase5_replication: Gene CST6: survived — Same-tissue replication: 1/1 concordant. Cross-tissue: 0/0 concordant.
2026-05-03 08:56:40 [INFO] riker.phases.phase5_replication: Gene GATA3: survived — Same-tissue replication: 1/1 concordant. Cross-tissue: 0/0 concordant.
2026-05-03 08:56:40 [INFO] riker.phases.phase5_replication: Gene S100A1: survived — Same-tissue replication: 0/1 concordant. Cross-tissue: 0/0 concordant.
2026-05-03 08:56:40 [INFO] riker.phases.phase5_replication: Gene S100A4: survived — Same-tissue replication: 1/1 concordant. Cross-tissue: 0/0 concordant.
2026-05-03 08:56:40 [INFO] riker.phases.phase5_replication: Gene CAMP: survived — Same-tissue replication: 1/1 concordant. Cross-tissue: 0/0 concordant.
2026-05-03 08:56:40 [INFO] riker.phases.phase5_replication: Gene KLK5: survived — Same-tissue replication: 0/1 concordant. Cross-tissue: 0/0 concordant.
2026-05-03 08:56:40 [INFO] riker.phases.phase5_replication: Gene TNF: survived — Same-tissue replication: 1/1 concordant. Cross-tissue: 0/0 concordant.
2026-05-03 08:56:40 [INFO] riker.phases.phase5_replication: Gene ARG1: survived — Same-tissue replication: 1/1 concordant. Cross-tissue: 0/0 concordant.
2026-05-03 08:56:40 [INFO] riker.phases.phase5_replication: Gene CASP5: survived — Same-tissue replication: 1/1 concordant. Cross-tissue: 0/0 concordant.
2026-05-03 08:56:40 [INFO] riker.phases.phase5_replication: Gene FABP5: survived — Same-tissue replication: 1/1 concordant. Cross-tissue: 0/0 concordant.
2026-05-03 08:56:40 [INFO] riker.phases.phase5_replication: Gene IFIH1: survived — Same-tissue replication: 1/1 concordant. Cross-tissue: 0/0 concordant.
2026-05-03 08:56:40 [INFO] riker.phases.phase5_replication: Gene IL12B: survived — Same-tissue replication: 1/1 concordant. Cross-tissue: 0/0 concordant.
2026-05-03 08:56:40 [INFO] riker.phases.phase5_replication: Gene IL1B: survived — Same-tissue replication: 1/1 concordant. Cross-tissue: 0/0 concordant.
2026-05-03 08:56:40 [INFO] riker.phases.phase5_replication: Gene IL36A: survived — Same-tissue replication: 1/1 concordant. Cross-tissue: 0/0 concordant.
2026-05-03 08:56:40 [INFO] riker.phases.phase5_replication: Gene IVL: survived — Same-tissue replication: 1/1 concordant. Cross-tissue: 0/0 concordant.
2026-05-03 08:56:40 [INFO] riker.phases.phase5_replication: Gene KRT6A: survived — Same-tissue replication: 1/1 concordant. Cross-tissue: 0/0 concordant.
2026-05-03 08:56:40 [INFO] riker.phases.phase5_replication: Gene S100A7: survived — Same-tissue replication: 1/1 concordant. Cross-tissue: 0/0 concordant.
2026-05-03 08:56:40 [INFO] riker.phases.phase5_replication: Gene SPRR1B: survived — Same-tissue replication: 1/1 concordant. Cross-tissue: 0/0 concordant.
2026-05-03 08:56:40 [INFO] riker.phases.phase5_replication: Gene CARD14: survived — Same-tissue replication: 1/1 concordant. Cross-tissue: 0/0 concordant.
2026-05-03 08:56:40 [INFO] riker.phases.phase5_replication: Gene FBXL19: survived — Same-tissue replication: 1/1 concordant. Cross-tissue: 0/0 concordant.
2026-05-03 08:56:40 [INFO] riker.phases.phase5_replication: Gene IL20: survived — Same-tissue replication: 1/1 concordant. Cross-tissue: 0/0 concordant.
2026-05-03 08:56:40 [INFO] riker.phases.phase5_replication: Gene IL24: survived — Same-tissue replication: 1/1 concordant. Cross-tissue: 0/0 concordant.
2026-05-03 08:56:40 [INFO] riker.phases.phase5_replication: Gene KLK7: survived — Same-tissue replication: 1/1 concordant. Cross-tissue: 0/0 concordant.
2026-05-03 08:56:40 [INFO] riker.phases.phase5_replication: Gene KRT17: survived — Same-tissue replication: 1/1 concordant. Cross-tissue: 0/0 concordant.
2026-05-03 08:56:40 [INFO] riker.phases.phase5_replication: Gene REL: survived — Same-tissue replication: 1/1 concordant. Cross-tissue: 0/0 concordant.
2026-05-03 08:56:40 [INFO] riker.phases.phase5_replication: Gene S100A2: survived — Same-tissue replication: 1/1 concordant. Cross-tissue: 0/0 concordant.
2026-05-03 08:56:40 [INFO] riker.phases.phase5_replication: Gene SLPI: survived — Same-tissue replication: 1/1 concordant. Cross-tissue: 0/0 concordant.
2026-05-03 08:56:40 [INFO] riker.phases.phase5_replication: Gene IFNG: survived — Same-tissue replication: 1/1 concordant. Cross-tissue: 0/0 concordant.
2026-05-03 08:56:40 [INFO] riker.phases.phase5_replication: Gene STAT3: survived — Same-tissue replication: 1/1 concordant. Cross-tissue: 0/0 concordant.
2026-05-03 08:56:40 [INFO] riker.phases.phase5_replication: Gene TRAF3IP2: survived — Same-tissue replication: 1/1 concordant. Cross-tissue: 0/0 concordant.
2026-05-03 08:56:40 [INFO] riker.phases.phase5_replication: Gene IL19: survived — Same-tissue replication: 1/1 concordant. Cross-tissue: 0/0 concordant.
2026-05-03 08:56:40 [INFO] riker.phases.phase5_replication: Gene IL36RN: survived — Same-tissue replication: 1/1 concordant. Cross-tissue: 0/0 concordant.
2026-05-03 08:56:40 [INFO] riker.phases.phase5_replication: Gene KRT16: survived — Same-tissue replication: 1/1 concordant. Cross-tissue: 0/0 concordant.
2026-05-03 08:56:40 [INFO] riker.phases.phase5_replication: Gene KYNU: survived — Same-tissue replication: 1/1 concordant. Cross-tissue: 0/0 concordant.
2026-05-03 08:56:40 [INFO] riker.phases.phase5_replication: Gene LCE3D: survived — Same-tissue replication: 1/1 concordant. Cross-tissue: 0/0 concordant.
2026-05-03 08:56:40 [INFO] riker.phases.phase5_replication: Gene LTF: survived — Same-tissue replication: 1/1 concordant. Cross-tissue: 0/0 concordant.
2026-05-03 08:56:40 [INFO] riker.phases.phase5_replication: Gene PI3: survived — Same-tissue replication: 1/1 concordant. Cross-tissue: 0/0 concordant.
2026-05-03 08:56:40 [INFO] riker.phases.phase5_replication: Gene S100A7A: survived — Same-tissue replication: 1/1 concordant. Cross-tissue: 0/0 concordant.
2026-05-03 08:56:40 [INFO] riker.phases.phase5_replication: Gene TGM1: survived — Same-tissue replication: 1/1 concordant. Cross-tissue: 0/0 concordant.
2026-05-03 08:56:40 [INFO] riker.phases.phase5_replication: Gene TGM3: survived — Same-tissue replication: 1/1 concordant. Cross-tissue: 0/0 concordant.
2026-05-03 08:56:40 [INFO] riker.phases.phase5_replication: Gene CCL20: survived — Same-tissue replication: 1/1 concordant. Cross-tissue: 0/0 concordant.
2026-05-03 08:56:40 [INFO] riker.phases.phase5_replication: Gene CXCL1: survived — Same-tissue replication: 1/1 concordant. Cross-tissue: 0/0 concordant.
2026-05-03 08:56:40 [INFO] riker.phases.phase5_replication: Gene CXCL8: survived — Same-tissue replication: 1/1 concordant. Cross-tissue: 0/0 concordant.
2026-05-03 08:56:40 [INFO] riker.phases.phase5_replication: Gene DEFB4B: survived — Same-tissue replication: 1/1 concordant. Cross-tissue: 0/0 concordant.
2026-05-03 08:56:40 [INFO] riker.phases.phase5_replication: Gene IL36G: survived — Same-tissue replication: 1/1 concordant. Cross-tissue: 0/0 concordant.
2026-05-03 08:56:40 [INFO] riker.phases.phase5_replication: Gene S100A12: survived — Same-tissue replication: 1/1 concordant. Cross-tissue: 0/0 concordant.
2026-05-03 08:56:40 [INFO] riker.phases.phase5_replication: Gene S100A9: survived — Same-tissue replication: 1/1 concordant. Cross-tissue: 0/0 concordant.
2026-05-03 08:56:40 [INFO] riker.phases.phase5_replication: Gene SERPINB3: survived — Same-tissue replication: 1/1 concordant. Cross-tissue: 0/0 concordant.
2026-05-03 08:56:40 [INFO] riker.phases.phase5_replication: Gene SERPINB4: survived — Same-tissue replication: 1/1 concordant. Cross-tissue: 0/0 concordant.
2026-05-03 08:56:40 [INFO] riker.phases.phase5_replication: Cluster 0: replicated (5/5 survived, 0 eliminated)
2026-05-03 08:56:40 [INFO] riker.phases.phase5_replication: Cluster 1: replicated (3/3 survived, 0 eliminated)
2026-05-03 08:56:40 [INFO] riker.phases.phase5_replication: Cluster 3: replicated (5/5 survived, 0 eliminated)
2026-05-03 08:56:40 [INFO] riker.phases.phase5_replication: Cluster 4: replicated (6/6 survived, 0 eliminated)
2026-05-03 08:56:40 [INFO] riker.phases.phase5_replication: Cluster 5: replicated (9/9 survived, 0 eliminated)
2026-05-03 08:56:40 [INFO] riker.phases.phase5_replication: Cluster 6: replicated (3/3 survived, 0 eliminated)
2026-05-03 08:56:40 [INFO] riker.phases.phase5_replication: Cluster 7: replicated (10/10 survived, 0 eliminated)
2026-05-03 08:56:40 [INFO] riker.phases.phase5_replication: Cluster 8: replicated (9/9 survived, 0 eliminated)
2026-05-03 08:56:40 [INFO] riker.phases.phase5_replication: Phase 5 complete: 50 survived, 0 eliminated, 0 insufficient data.
2026-05-03 08:56:40 [INFO] riker.io.outputs: Phase 5 verdicts: /home/kai001/riker-engine/disease_days/2026-05-03_psoriasis_v0332/curated/phase5_verdicts.csv
2026-05-03 08:56:40 [INFO] riker: ============================================================
2026-05-03 08:56:40 [INFO] riker: PHASE 6: Effect Size Meta-Analysis
2026-05-03 08:56:40 [INFO] riker: ============================================================
2026-05-03 08:56:40 [INFO] riker.phases.phase6_meta: Phase 6: Computing meta-analysis for 50 surviving genes.
2026-05-03 08:56:40 [INFO] riker.phases.phase6_meta: Phase 6 complete: 50 genes analyzed, 28 significant (random effects), 41 high heterogeneity.
2026-05-03 08:56:40 [INFO] riker.io.outputs: Phase 6 meta-analysis: /home/kai001/riker-engine/disease_days/2026-05-03_psoriasis_v0332/curated/phase6_meta_analysis.csv
2026-05-03 08:56:40 [INFO] riker: ============================================================
2026-05-03 08:56:40 [INFO] riker: WRITING FINAL OUTPUTS
2026-05-03 08:56:40 [INFO] riker: ============================================================
2026-05-03 08:56:40 [INFO] riker.io.outputs: QC report: /home/kai001/riker-engine/disease_days/2026-05-03_psoriasis_v0332/curated/qc_report.json
2026-05-03 08:56:40 [INFO] riker.io.outputs: Pipeline summary: /home/kai001/riker-engine/disease_days/2026-05-03_psoriasis_v0332/curated/pipeline_summary.json
2026-05-03 08:56:40 [INFO] riker: ============================================================
2026-05-03 08:56:40 [INFO] riker: PIPELINE COMPLETE: Psoriasis
2026-05-03 08:56:40 [INFO] riker: QC Report: 4 passed, 0 warnings, 0 critical. Pipeline OK.
2026-05-03 08:56:40 [INFO] riker: Output: /home/kai001/riker-engine/disease_days/2026-05-03_psoriasis_v0332/curated
2026-05-03 08:56:40 [INFO] riker: ============================================================
