Trial 1/50 starting...
Trial 2/50 starting...
Trial 3/50 starting...
Trial 4/50 starting...
Trial 5/50 starting...
Trial 6/50 starting...
Trial 7/50 starting...
Trial 8/50 starting...
Trial 9/50 starting...
Trial 10/50 starting...
Trial 11/50 starting...
Trial 12/50 starting...
Trial 13/50 starting...
Trial 14/50 starting...
Trial 15/50 starting...
Trial 16/50 starting...
Trial 17/50 starting...
Trial 18/50 starting...
Trial 19/50 starting...
Trial 20/50 starting...
Trial 21/50 starting...
Trial 22/50 starting...
Trial 23/50 starting...
Trial 24/50 starting...
Trial 25/50 starting...
Trial 26/50 starting...
Trial 27/50 starting...
Trial 28/50 starting...
Trial 29/50 starting...
Trial 30/50 starting...
Trial 31/50 starting...
Trial 32/50 starting...
Trial 33/50 starting...
Trial 34/50 starting...
Trial 35/50 starting...
Trial 36/50 starting...
Trial 37/50 starting...
Trial 38/50 starting...
Trial 39/50 starting...
Trial 40/50 starting...
Trial 41/50 starting...
Trial 42/50 starting...
Trial 43/50 starting...
Trial 44/50 starting...
Trial 45/50 starting...
Trial 46/50 starting...
Trial 47/50 starting...
Trial 48/50 starting...
Trial 49/50 starting...
Trial 50/50 starting...

Done. 50 trials. Summary: /home/kai001/riker-engine/results/negative_control_matched/negative_control_summary.csv
Phase 1 study genes: mean=46.4, min=29, max=62
Phase 6 significant: mean=6.3, min=0, max=13
Trials with >0 Phase 6 genes: 49/50
