2026-05-05 21:31:49 [INFO] riker.config: Config loaded: condition=T2D, 3 discovery + 1 replication datasets.
2026-05-05 21:31:49 [INFO] riker: ============================================================
2026-05-05 21:31:49 [INFO] riker: PHASE 1: Cross-Referencing
2026-05-05 21:31:49 [INFO] riker: ============================================================
2026-05-05 21:31:51 [INFO] riker.ingestion.gene_db: Loading HGNC data from /home/kai001/riker-engine/data/hgnc/hgnc_complete_set.txt...
2026-05-05 21:31:59 [INFO] riker.ingestion.gene_db: HGNC resolver loaded: 44981 approved symbols, 57613 aliases/previous symbols mapped.
2026-05-05 21:31:59 [INFO] riker.ingestion.gene_db: Loaded 443 seed genes from /home/kai001/riker-engine/data/seeds/t2d_open_targets_genes.csv. 0 symbols remapped via HGNC.
2026-05-05 21:31:59 [INFO] riker: Loaded 443 seed genes.
2026-05-05 21:31:59 [INFO] riker: Loading dataset: GSE41762
2026-05-05 21:32:04 [WARNING] riker.ingestion.geo_parser: GSE41762: 366 probe(s) have >5% NaN cells after parsing. Probe IDs: ['7896985', '7899534', '7899753', '7900235', '7900382', '7900468', '7900792', '7900857', '7902166', '7902594'] (and more). Check data quality.
2026-05-05 21:32:09 [INFO] riker.ingestion.geo_parser: Probe-to-gene mapping: 22195 mapped, 6901 unmapped, 19978 unique genes.
2026-05-05 21:32:09 [INFO] riker: Loading dataset: GSE25724
2026-05-05 21:32:12 [INFO] riker.ingestion.geo_parser: Probe-to-gene mapping: 21156 mapped, 1127 unmapped, 13095 unique genes.
2026-05-05 21:32:12 [INFO] riker: Loading dataset: GSE20966
2026-05-05 21:32:20 [INFO] riker.ingestion.geo_parser: Probe-to-gene mapping: 48848 mapped, 12447 unmapped, 21567 unique genes.
2026-05-05 21:32:20 [WARNING] riker.ingestion.normalizer: Clamping 251 negative values to 0 (background subtraction artifacts in raw intensity data).
2026-05-05 21:32:20 [INFO] riker.ingestion.normalizer: Applied log2(x+1) transformation (after clamping). Median: 64.60 -> 6.04
2026-05-05 21:32:20 [INFO] riker.phases.phase1_crossref: Dataset GSE41762: 424/443 seed genes detected (95.7%).
2026-05-05 21:32:20 [INFO] riker.phases.phase1_crossref: Dataset GSE25724: 340/443 seed genes detected (76.7%).
2026-05-05 21:32:20 [INFO] riker.phases.phase1_crossref: Dataset GSE20966: 434/443 seed genes detected (98.0%).
2026-05-05 21:32:22 [INFO] riker.phases.phase1_crossref: Phase 1 complete: 56 study genes from 443 seed genes (p < 0.05 in >= 2 datasets).
2026-05-05 21:32:22 [INFO] riker.io.outputs: Phase 1 summary: /home/kai001/riker-engine/disease_days/2026-05-05_t2d_v0332/curated/phase1_study_genes.csv
2026-05-05 21:32:22 [INFO] riker: ============================================================
2026-05-05 21:32:22 [INFO] riker: PHASE 2: Pathway Mapping
2026-05-05 21:32:22 [INFO] riker: ============================================================
2026-05-05 21:32:22 [WARNING] riker: No pathway data configured. Using expression features only.
2026-05-05 21:32:22 [INFO] riker.phases.phase2_pathways: Pathway filter: 0 -> 0 pathways (min_study=3, max_total=500, min_frac=0.02).
2026-05-05 21:32:22 [INFO] riker.phases.phase2_pathways: Phase 2 complete: 56 genes × 5 features (0 pathway + 5 expression features).
2026-05-05 21:32:22 [INFO] riker.io.outputs: Phase 2 feature matrix: /home/kai001/riker-engine/disease_days/2026-05-05_t2d_v0332/curated/phase2_feature_matrix.csv (56 genes x 5 features)
2026-05-05 21:32:22 [INFO] riker: ============================================================
2026-05-05 21:32:22 [INFO] riker: PHASE 3: Consensus Clustering
2026-05-05 21:32:22 [INFO] riker: ============================================================
2026-05-05 21:32:36 [INFO] riker.phases.phase3_clustering: Running 15 UMAP+HDBSCAN configurations (3 n_neighbors × 5 seeds)...
/home/kai001/.local/lib/python3.13/site-packages/umap/umap_.py:1952: UserWarning: n_jobs value 1 overridden to 1 by setting random_state. Use no seed for parallelism.
  warn(
/home/kai001/.local/lib/python3.13/site-packages/sklearn/cluster/_hdbscan/hdbscan.py:722: FutureWarning: The default value of `copy` will change from False to True in 1.10. Explicitly set a value for `copy` to silence this warning.
  warn(
/home/kai001/.local/lib/python3.13/site-packages/umap/umap_.py:1952: UserWarning: n_jobs value 1 overridden to 1 by setting random_state. Use no seed for parallelism.
  warn(
/home/kai001/.local/lib/python3.13/site-packages/sklearn/cluster/_hdbscan/hdbscan.py:722: FutureWarning: The default value of `copy` will change from False to True in 1.10. Explicitly set a value for `copy` to silence this warning.
  warn(
/home/kai001/.local/lib/python3.13/site-packages/umap/umap_.py:1952: UserWarning: n_jobs value 1 overridden to 1 by setting random_state. Use no seed for parallelism.
  warn(
/home/kai001/.local/lib/python3.13/site-packages/sklearn/cluster/_hdbscan/hdbscan.py:722: FutureWarning: The default value of `copy` will change from False to True in 1.10. Explicitly set a value for `copy` to silence this warning.
  warn(
/home/kai001/.local/lib/python3.13/site-packages/umap/umap_.py:1952: UserWarning: n_jobs value 1 overridden to 1 by setting random_state. Use no seed for parallelism.
  warn(
/home/kai001/.local/lib/python3.13/site-packages/sklearn/cluster/_hdbscan/hdbscan.py:722: FutureWarning: The default value of `copy` will change from False to True in 1.10. Explicitly set a value for `copy` to silence this warning.
  warn(
/home/kai001/.local/lib/python3.13/site-packages/umap/umap_.py:1952: UserWarning: n_jobs value 1 overridden to 1 by setting random_state. Use no seed for parallelism.
  warn(
/home/kai001/.local/lib/python3.13/site-packages/sklearn/cluster/_hdbscan/hdbscan.py:722: FutureWarning: The default value of `copy` will change from False to True in 1.10. Explicitly set a value for `copy` to silence this warning.
  warn(
/home/kai001/.local/lib/python3.13/site-packages/umap/umap_.py:1952: UserWarning: n_jobs value 1 overridden to 1 by setting random_state. Use no seed for parallelism.
  warn(
/home/kai001/.local/lib/python3.13/site-packages/sklearn/cluster/_hdbscan/hdbscan.py:722: FutureWarning: The default value of `copy` will change from False to True in 1.10. Explicitly set a value for `copy` to silence this warning.
  warn(
/home/kai001/.local/lib/python3.13/site-packages/umap/umap_.py:1952: UserWarning: n_jobs value 1 overridden to 1 by setting random_state. Use no seed for parallelism.
  warn(
/home/kai001/.local/lib/python3.13/site-packages/sklearn/cluster/_hdbscan/hdbscan.py:722: FutureWarning: The default value of `copy` will change from False to True in 1.10. Explicitly set a value for `copy` to silence this warning.
  warn(
/home/kai001/.local/lib/python3.13/site-packages/umap/umap_.py:1952: UserWarning: n_jobs value 1 overridden to 1 by setting random_state. Use no seed for parallelism.
  warn(
/home/kai001/.local/lib/python3.13/site-packages/sklearn/cluster/_hdbscan/hdbscan.py:722: FutureWarning: The default value of `copy` will change from False to True in 1.10. Explicitly set a value for `copy` to silence this warning.
  warn(
/home/kai001/.local/lib/python3.13/site-packages/umap/umap_.py:1952: UserWarning: n_jobs value 1 overridden to 1 by setting random_state. Use no seed for parallelism.
  warn(
/home/kai001/.local/lib/python3.13/site-packages/sklearn/cluster/_hdbscan/hdbscan.py:722: FutureWarning: The default value of `copy` will change from False to True in 1.10. Explicitly set a value for `copy` to silence this warning.
  warn(
/home/kai001/.local/lib/python3.13/site-packages/umap/umap_.py:1952: UserWarning: n_jobs value 1 overridden to 1 by setting random_state. Use no seed for parallelism.
  warn(
/home/kai001/.local/lib/python3.13/site-packages/sklearn/cluster/_hdbscan/hdbscan.py:722: FutureWarning: The default value of `copy` will change from False to True in 1.10. Explicitly set a value for `copy` to silence this warning.
  warn(
/home/kai001/.local/lib/python3.13/site-packages/umap/umap_.py:1952: UserWarning: n_jobs value 1 overridden to 1 by setting random_state. Use no seed for parallelism.
  warn(
/home/kai001/.local/lib/python3.13/site-packages/sklearn/cluster/_hdbscan/hdbscan.py:722: FutureWarning: The default value of `copy` will change from False to True in 1.10. Explicitly set a value for `copy` to silence this warning.
  warn(
/home/kai001/.local/lib/python3.13/site-packages/umap/umap_.py:1952: UserWarning: n_jobs value 1 overridden to 1 by setting random_state. Use no seed for parallelism.
  warn(
/home/kai001/.local/lib/python3.13/site-packages/sklearn/cluster/_hdbscan/hdbscan.py:722: FutureWarning: The default value of `copy` will change from False to True in 1.10. Explicitly set a value for `copy` to silence this warning.
  warn(
/home/kai001/.local/lib/python3.13/site-packages/umap/umap_.py:1952: UserWarning: n_jobs value 1 overridden to 1 by setting random_state. Use no seed for parallelism.
  warn(
/home/kai001/.local/lib/python3.13/site-packages/sklearn/cluster/_hdbscan/hdbscan.py:722: FutureWarning: The default value of `copy` will change from False to True in 1.10. Explicitly set a value for `copy` to silence this warning.
  warn(
/home/kai001/.local/lib/python3.13/site-packages/umap/umap_.py:1952: UserWarning: n_jobs value 1 overridden to 1 by setting random_state. Use no seed for parallelism.
  warn(
/home/kai001/.local/lib/python3.13/site-packages/sklearn/cluster/_hdbscan/hdbscan.py:722: FutureWarning: The default value of `copy` will change from False to True in 1.10. Explicitly set a value for `copy` to silence this warning.
  warn(
/home/kai001/.local/lib/python3.13/site-packages/umap/umap_.py:1952: UserWarning: n_jobs value 1 overridden to 1 by setting random_state. Use no seed for parallelism.
  warn(
/home/kai001/.local/lib/python3.13/site-packages/sklearn/cluster/_hdbscan/hdbscan.py:722: FutureWarning: The default value of `copy` will change from False to True in 1.10. Explicitly set a value for `copy` to silence this warning.
  warn(
/home/kai001/.local/lib/python3.13/site-packages/sklearn/cluster/_hdbscan/hdbscan.py:722: FutureWarning: The default value of `copy` will change from False to True in 1.10. Explicitly set a value for `copy` to silence this warning.
  warn(
2026-05-05 21:32:52 [INFO] riker.phases.phase3_clustering: Phase 3 complete: 5 clusters, 0 noise genes from 15 configurations.
2026-05-05 21:32:52 [INFO] riker.io.outputs: Phase 3 cluster assignments: /home/kai001/riker-engine/disease_days/2026-05-05_t2d_v0332/curated/phase3_cluster_assignments.csv (5 clusters, 0 noise)
2026-05-05 21:32:52 [INFO] riker: ============================================================
2026-05-05 21:32:52 [INFO] riker: PHASE 4: Robustness Testing
2026-05-05 21:32:52 [INFO] riker: ============================================================
2026-05-05 21:32:53 [INFO] riker.phases.phase4_robustness: Cluster 0: permutation p=0.0001, Bonferroni p=0.0005 (SIGNIFICANT)
2026-05-05 21:32:53 [INFO] riker.phases.phase4_robustness: Cluster 1: permutation p=0.5721, Bonferroni p=1.0000 (not significant)
2026-05-05 21:32:54 [INFO] riker.phases.phase4_robustness: Cluster 2: permutation p=0.0476, Bonferroni p=0.2380 (not significant)
2026-05-05 21:32:54 [INFO] riker.phases.phase4_robustness: Cluster 3: permutation p=0.3749, Bonferroni p=1.0000 (not significant)
2026-05-05 21:32:55 [INFO] riker.phases.phase4_robustness: Cluster 4: permutation p=1.0000, Bonferroni p=1.0000 (not significant)
2026-05-05 21:32:55 [INFO] riker.phases.phase4_robustness: Cluster 0 sensitivity: L1=18, L2=8, L3=12, L4=8 | dissolution=None | core=8
2026-05-05 21:32:55 [INFO] riker.phases.phase4_robustness: Cluster 1 sensitivity: L1=11, L2=2, L3=3, L4=2 | dissolution=2 | core=2
2026-05-05 21:32:55 [INFO] riker.phases.phase4_robustness: Cluster 2 sensitivity: L1=5, L2=0, L3=4, L4=2 | dissolution=2 | core=0
2026-05-05 21:32:55 [INFO] riker.phases.phase4_robustness: Cluster 3 sensitivity: L1=6, L2=1, L3=0, L4=0 | dissolution=2 | core=1
2026-05-05 21:32:55 [INFO] riker.phases.phase4_robustness: Cluster 4 sensitivity: L1=16, L2=2, L3=9, L4=8 | dissolution=2 | core=2
2026-05-05 21:32:55 [INFO] riker.phases.phase4_robustness: Cluster 0 LOO: min_retention=0.39 (FRAGILE)
2026-05-05 21:32:55 [INFO] riker.phases.phase4_robustness: Cluster 1 LOO: min_retention=0.00 (FRAGILE)
2026-05-05 21:32:55 [INFO] riker.phases.phase4_robustness: Cluster 2 LOO: min_retention=0.00 (FRAGILE)
2026-05-05 21:32:55 [INFO] riker.phases.phase4_robustness: Cluster 3 LOO: min_retention=0.17 (FRAGILE)
2026-05-05 21:32:55 [INFO] riker.phases.phase4_robustness: Cluster 4 LOO: min_retention=0.25 (FRAGILE)
2026-05-05 21:32:55 [INFO] riker.phases.phase4_robustness: Cluster 1: 2 Level 2 survivors < 3 minimum. No core genes.
2026-05-05 21:32:55 [INFO] riker.phases.phase4_robustness: Cluster 2: 0 Level 2 survivors < 3 minimum. No core genes.
2026-05-05 21:32:55 [INFO] riker.phases.phase4_robustness: Cluster 3: 1 Level 2 survivors < 3 minimum. No core genes.
2026-05-05 21:32:55 [INFO] riker.phases.phase4_robustness: Cluster 4: 2 Level 2 survivors < 3 minimum. No core genes.
2026-05-05 21:32:55 [INFO] riker.phases.phase4_robustness: Identified 8 core genes across all clusters.
2026-05-05 21:32:55 [INFO] riker.phases.phase4_robustness: Phase 4 complete: 1 significant clusters, 0 LOO-stable clusters, 8 core genes.
2026-05-05 21:32:55 [INFO] riker.io.outputs: Phase 4 core genes: /home/kai001/riker-engine/disease_days/2026-05-05_t2d_v0332/curated/phase4_core_genes.csv
2026-05-05 21:32:55 [INFO] riker.io.outputs: Phase 4 all levels: /home/kai001/riker-engine/disease_days/2026-05-05_t2d_v0332/curated/phase4_all_levels.csv (56 genes)
2026-05-05 21:32:55 [INFO] riker: ============================================================
2026-05-05 21:32:55 [INFO] riker: PHASE 5: Independent Replication
2026-05-05 21:32:55 [INFO] riker: ============================================================
2026-05-05 21:32:55 [INFO] riker: Loading replication dataset: GSE86468
2026-05-05 21:32:58 [INFO] riker.ingestion.geo_parser: Probe-to-gene mapping: 21548 mapped, 5068 unmapped, 21547 unique genes.
2026-05-05 21:32:58 [INFO] riker.phases.phase5_replication: Phase 5: Testing 8 pre-specified core genes in 1 replication datasets.
2026-05-05 21:32:58 [INFO] riker.phases.phase5_replication: Gene ABCC8: survived — Same-tissue replication: 0/1 concordant. Cross-tissue: 0/0 concordant.
2026-05-05 21:32:58 [INFO] riker.phases.phase5_replication: Gene CACNA1D: survived — Same-tissue replication: 0/1 concordant. Cross-tissue: 0/0 concordant.
2026-05-05 21:32:58 [INFO] riker.phases.phase5_replication: Gene CASR: survived — Same-tissue replication: 0/1 concordant. Cross-tissue: 0/0 concordant.
2026-05-05 21:32:58 [INFO] riker.phases.phase5_replication: Gene LRFN2: survived — Same-tissue replication: 0/1 concordant. Cross-tissue: 0/0 concordant.
2026-05-05 21:32:58 [INFO] riker.phases.phase5_replication: Gene OTULINL: survived — Same-tissue replication: 0/1 concordant. Cross-tissue: 0/0 concordant.
2026-05-05 21:32:58 [INFO] riker.phases.phase5_replication: Gene RASGRP1: survived — Same-tissue replication: 0/1 concordant. Cross-tissue: 0/0 concordant.
2026-05-05 21:32:58 [INFO] riker.phases.phase5_replication: Gene RNF6: survived — Same-tissue replication: 0/1 concordant. Cross-tissue: 0/0 concordant.
2026-05-05 21:32:58 [INFO] riker.phases.phase5_replication: Gene SLC2A2: survived — Same-tissue replication: 1/1 concordant. Cross-tissue: 0/0 concordant.
2026-05-05 21:32:58 [INFO] riker.phases.phase5_replication: Cluster 0: replicated (8/8 survived, 0 eliminated)
2026-05-05 21:32:58 [INFO] riker.phases.phase5_replication: Phase 5 complete: 8 survived, 0 eliminated, 0 insufficient data.
2026-05-05 21:32:58 [INFO] riker.io.outputs: Phase 5 verdicts: /home/kai001/riker-engine/disease_days/2026-05-05_t2d_v0332/curated/phase5_verdicts.csv
2026-05-05 21:32:58 [INFO] riker: ============================================================
2026-05-05 21:32:58 [INFO] riker: PHASE 6: Effect Size Meta-Analysis
2026-05-05 21:32:58 [INFO] riker: ============================================================
2026-05-05 21:32:58 [INFO] riker.phases.phase6_meta: Phase 6: Computing meta-analysis for 8 surviving genes.
2026-05-05 21:32:58 [INFO] riker.phases.phase6_meta: Phase 6 complete: 8 genes analyzed, 8 significant (random effects), 1 high heterogeneity.
2026-05-05 21:32:58 [INFO] riker.io.outputs: Phase 6 meta-analysis: /home/kai001/riker-engine/disease_days/2026-05-05_t2d_v0332/curated/phase6_meta_analysis.csv
2026-05-05 21:32:58 [INFO] riker: ============================================================
2026-05-05 21:32:58 [INFO] riker: WRITING FINAL OUTPUTS
2026-05-05 21:32:58 [INFO] riker: ============================================================
2026-05-05 21:32:58 [INFO] riker.io.outputs: QC report: /home/kai001/riker-engine/disease_days/2026-05-05_t2d_v0332/curated/qc_report.json
2026-05-05 21:32:58 [INFO] riker.io.outputs: Pipeline summary: /home/kai001/riker-engine/disease_days/2026-05-05_t2d_v0332/curated/pipeline_summary.json
2026-05-05 21:32:58 [INFO] riker: ============================================================
2026-05-05 21:32:58 [INFO] riker: PIPELINE COMPLETE: T2D
2026-05-05 21:32:58 [INFO] riker: QC Report: 4 passed, 0 warnings, 0 critical. Pipeline OK.
2026-05-05 21:32:58 [INFO] riker: Output: /home/kai001/riker-engine/disease_days/2026-05-05_t2d_v0332/curated
2026-05-05 21:32:58 [INFO] riker: ============================================================
